error: `pub` struct in `api` module must be `#[non_exhaustive]`
  --> $DIR/main.rs:5:5
   |
LL |     pub struct Unit;
   |     ^^^^^^^^^^^^^^^^
   |
   = note: `#[deny(non_exhaustive_api_structs)]` on by default

error: `pub` struct in `api` module must be `#[non_exhaustive]`
  --> $DIR/main.rs:7:5
   |
LL |     pub struct Tuple(pub u8);
   |     ^^^^^^^^^^^^^^^^^^^^^^^^^

error: `pub` struct in `api` module must be `#[non_exhaustive]`
  --> $DIR/main.rs:20:5
   |
LL | /     pub struct AllPublic {
LL | |         pub value: u8,
LL | |         pub other: String,
LL | |     }
   | |_____^

error: aborting due to 3 previous errors

